============================================================
  Generated by:           Genus(TM) Synthesis Solution 21.19-s055_1
  Generated on:           Apr 16 2026  07:54:25 am
  Module:                 somador
  Library domain:         worst
    Domain index:         0
    Technology library:   slow_vdd1v0 1.0
  Library domain:         best
    Domain index:         1
    Technology library:   fast_vdd1v2 1.0
  Operating conditions:   PVT_0P9V_125C 
  Operating conditions:   PVT_1P32V_0C 
  Interconnect mode:      global
  Area mode:              physical library
============================================================

Max_transition design rule (violation total = 3278)
Pin                           Slew           Max     Violation
----------------------------------------------------------------
sum_temp_reg[7]/Q             1194           280           914
sum_temp_reg[1]/Q              612           280           332
sum_temp_reg[2]/Q              612           280           332
sum_temp_reg[3]/Q              612           280           332
sum_temp_reg[4]/Q              612           280           332
sum_temp_reg[5]/Q              612           280           332
sum_temp_reg[6]/Q              612           280           332
sum_temp_reg[8]/Q              612           280           332
sum_temp_reg[0]/Q              323           280            43


Max_capacitance design rule: no violations.


Max_fanout design rule: no constraints.



