
Cadence Innovus(TM) Implementation System.
Copyright 2021 Cadence Design Systems, Inc. All rights reserved worldwide.

Version:	v21.19-s058_1, built Thu Apr 4 09:59:17 PDT 2024
Options:	
Date:		Wed Apr 22 06:27:05 2026
Host:		ecomp (x86_64 w/Linux 4.18.0-553.111.1.el8_10.x86_64) (6cores*24cpus*Intel(R) Xeon(R) CPU E5645 @ 2.40GHz 12288KB)
OS:		Rocky Linux 8.10 (Green Obsidian)

License:
		[06:27:06.456105] Configured Lic search path (21.01-s002): 27001@200.132.35.25

		invs	Innovus Implementation System	21.1	checkout succeeded
		8 CPU jobs allowed with the current license(s). Use setMultiCpuUsage to set your required CPU count.
Change the soft stacksize limit to 0.2%RAM (143 mbytes). Set global soft_stack_size_limit to change the value.

**INFO:  MMMC transition support version v31-84 

<CMD> set_global _enable_mmmc_by_default_flow      $CTE::mmmc_default
<CMD> suppressMessage ENCEXT-2799
<CMD> getVersion
[INFO] Loading PVS 23.11 fill procedures
<CMD> win
<CMD> zoomBox -0.00600 -0.01000 0.18300 0.09000
<CMD> zoomBox -0.00600 -0.02000 0.18300 0.08000
<CMD> zoomBox -0.00600 -0.03000 0.18300 0.07000
<CMD> gui_select -rect {0.14100 -0.00700 0.16800 -0.01500}

--------------------------------------------------------------------------------
Exiting Innovus on Wed Apr 22 06:29:02 2026
  Total CPU time:     0:00:48
  Total real time:    0:02:10
  Peak memory (main): 973.68MB


*** Memory Usage v#1 (Current mem = 1083.668M, initial mem = 486.973M) ***
*** Message Summary: 0 warning(s), 0 error(s)

--- Ending "Innovus" (totcpu=0:00:46.8, real=0:01:57, mem=1083.7M) ---
