============================================================
  Generated by:           Genus(TM) Synthesis Solution 21.19-s055_1
  Generated on:           Apr 23 2026  11:01:50 am
  Module:                 somador
  Operating conditions:   PVT_0P9V_125C 
  Operating conditions:   PVT_1P32V_0C 
  Interconnect mode:      global
  Area mode:              physical library
============================================================

                                             Library 
   Gate    Instances   Area       Library     Domain 
-----------------------------------------------------
AND2X6             1    3.762    slow_vdd1v0   worst 
AOI21X2            1    2.736    slow_vdd1v0   worst 
AOI21X4            3   15.390    slow_vdd1v0   worst 
BUFX3              2    4.104    slow_vdd1v0   worst 
BUFX6              5   15.390    slow_vdd1v0   worst 
CLKAND2X2          1    2.052    slow_vdd1v0   worst 
CLKAND2X3          2    6.156    slow_vdd1v0   worst 
CLKINVX20          2   12.996    slow_vdd1v0   worst 
CLKINVX4           1    1.710    slow_vdd1v0   worst 
CLKINVX6           2    4.788    slow_vdd1v0   worst 
CLKXOR2X1          7   19.152    slow_vdd1v0   worst 
DFFRHQX1           1    6.156    slow_vdd1v0   worst 
DFFRHQX2           7   55.062    slow_vdd1v0   worst 
DFFRHQX4           1    9.576    slow_vdd1v0   worst 
INVX2              4    4.104    slow_vdd1v0   worst 
INVX4              1    1.710    slow_vdd1v0   worst 
NAND2BX1           1    1.368    slow_vdd1v0   worst 
NAND2BX2           1    2.394    slow_vdd1v0   worst 
NAND2X1            1    1.026    slow_vdd1v0   worst 
NAND2X2            2    3.420    slow_vdd1v0   worst 
NAND2X4            1    3.420    slow_vdd1v0   worst 
NAND2X6            1    4.788    slow_vdd1v0   worst 
NAND2X8            4   21.888    slow_vdd1v0   worst 
NOR2BX1            1    1.368    slow_vdd1v0   worst 
NOR2X1             2    2.052    slow_vdd1v0   worst 
NOR2X2             1    1.710    slow_vdd1v0   worst 
NOR2X4             7   21.546    slow_vdd1v0   worst 
NOR2X6             5   20.520    slow_vdd1v0   worst 
NOR2X8             7   38.304    slow_vdd1v0   worst 
NOR3X6             1    7.182    slow_vdd1v0   worst 
OAI21X2            2    6.156    slow_vdd1v0   worst 
OAI21X4            3   14.364    slow_vdd1v0   worst 
XNOR2X1            1    2.394    slow_vdd1v0   worst 
-----------------------------------------------------
total             82  318.744                


                                        
     Type      Instances   Area  Area % 
----------------------------------------
sequential             9  70.794   22.2 
inverter              10  25.308    7.9 
buffer                 7  19.494    6.1 
logic                 56 203.148   63.7 
physical_cells         0   0.000    0.0 
----------------------------------------
total                 82 318.744  100.0 

