============================================================
  Generated by:           Genus(TM) Synthesis Solution 21.19-s055_1
  Generated on:           Apr 16 2026  10:33:29 am
  Module:                 somador
  Operating conditions:   PVT_0P9V_125C 
  Operating conditions:   PVT_1P32V_0C 
  Interconnect mode:      global
  Area mode:              physical library
============================================================


Path 1: MET (34 ps) Setup Check with Pin sum_temp_reg[7]/CK->D
          Group: clk
     Startpoint: (F) b_i[0]
          Clock: (R) clk
       Endpoint: (R) sum_temp_reg[7]/D
          Clock: (R) clk

                     Capture       Launch     
        Clock Edge:+    2000            0     
        Drv Adjust:+       0            0     
       Src Latency:+       0            0     
       Net Latency:+     100 (I)      100 (I) 
           Arrival:=    2100          100     
                                              
             Setup:-     156                  
       Uncertainty:-      50                  
     Required Time:=    1894                  
      Launch Clock:-     100                  
       Input Delay:-     300                  
         Data Path:-    1461                  
             Slack:=      34                  

Exceptions/Constraints:
  input_delay             300             somador.sdc_line_30_17_1 

#-------------------------------------------------------------------------------------------
#   Timing Point    Flags    Arc   Edge   Cell     Fanout Load Trans Delay Arrival Instance 
#                                                         (fF)  (ps)  (ps)   (ps)  Location 
#-------------------------------------------------------------------------------------------
  b_i[0]            -       -      F     (arrival)      2  5.3   252     0     400    (-,-) 
  g834/Y            -       A->Y   R     INVX2          1  4.5    91   163     563    (-,-) 
  g817__6161/Y      -       A->Y   F     NOR2X4         1  5.1    64    83     646    (-,-) 
  g813__6131/Y      -       B->Y   R     NOR2X6         2  6.2    74    72     718    (-,-) 
  g808__5122/Y      -       A1->Y  F     OAI21X4        2  6.1   144   125     843    (-,-) 
  g805__1705/Y      -       A1->Y  R     AOI21X4        2  6.4   114   140     984    (-,-) 
  g802__3680/Y      -       A1->Y  F     OAI21X4        2  6.3   147   147    1130    (-,-) 
  g799__5526/Y      -       A1->Y  R     AOI21X4        2  6.4   109   142    1272    (-,-) 
  g796__8428/Y      -       A1->Y  F     OAI21X4        1  3.7   112   124    1396    (-,-) 
  g794__6260/CO     -       CI->CO F     ADDFHX2        2  5.0   101   242    1638    (-,-) 
  g792__5107/Y      -       B->Y   R     XNOR2X1        1  3.2    84   223    1861    (-,-) 
  sum_temp_reg[7]/D <<<     -      R     DFFRHQX8       1    -     -     0    1861    (-,-) 
#-------------------------------------------------------------------------------------------

