============================================================
  Generated by:           Genus(TM) Synthesis Solution 21.19-s055_1
  Generated on:           Apr 16 2026  07:08:39 am
  Module:                 somador
  Operating conditions:   PVT_0P9V_125C 
  Operating conditions:   PVT_1P32V_0C 
  Interconnect mode:      global
  Area mode:              physical library
============================================================


Path 1: MET (47 ps) Setup Check with Pin sum_temp_reg[7]/CK->D
          Group: clk
     Startpoint: (F) a_i[0]
          Clock: (R) clk
       Endpoint: (R) sum_temp_reg[7]/D
          Clock: (R) clk

                     Capture       Launch     
        Clock Edge:+    2000            0     
        Drv Adjust:+       0            0     
       Src Latency:+       0            0     
       Net Latency:+     100 (I)      100 (I) 
           Arrival:=    2100          100     
                                              
             Setup:-     156                  
       Uncertainty:-      50                  
     Required Time:=    1894                  
      Launch Clock:-     100                  
       Input Delay:-     300                  
         Data Path:-    1448                  
             Slack:=      47                  

Exceptions/Constraints:
  input_delay             300             somador.sdc_line_30_9_1 

#-------------------------------------------------------------------------------------------
#   Timing Point    Flags    Arc   Edge   Cell     Fanout Load Trans Delay Arrival Instance 
#                                                         (fF)  (ps)  (ps)   (ps)  Location 
#-------------------------------------------------------------------------------------------
  a_i[0]            <<<     -      F     (arrival)      3  8.8   252     0     400    (-,-) 
  g823__5107/Y      -       A->Y   R     NOR2X6         1  4.5    87   160     560    (-,-) 
  g817__6161/Y      -       B->Y   F     NOR2X4         1  5.1    64    73     633    (-,-) 
  g813__6131/Y      -       B->Y   R     NOR2X6         2  6.2    74    72     705    (-,-) 
  g808__5122/Y      -       A1->Y  F     OAI21X4        2  6.1   144   125     830    (-,-) 
  g805__1705/Y      -       A1->Y  R     AOI21X4        2  6.4   114   140     970    (-,-) 
  g802__3680/Y      -       A1->Y  F     OAI21X4        2  6.3   147   147    1117    (-,-) 
  g799__5526/Y      -       A1->Y  R     AOI21X4        2  6.4   109   142    1259    (-,-) 
  g796__8428/Y      -       A1->Y  F     OAI21X4        1  3.7   112   124    1383    (-,-) 
  g794__6260/CO     -       CI->CO F     ADDFHX2        2  5.0   101   242    1625    (-,-) 
  g792__5107/Y      -       B->Y   R     XNOR2X1        1  3.2    84   223    1848    (-,-) 
  sum_temp_reg[7]/D <<<     -      R     DFFRHQX8       1    -     -     0    1848    (-,-) 
#-------------------------------------------------------------------------------------------

