 ------------------------------------------------------------------------------------------------------------------------------------------------------- 
| Snapshot                | WNS                  | TNS                  | Density (%) | Hotspot                   | Resource               | DRVs       |
|                         | HEPG (ns) | ALL (ns) | HEPG (ns) | ALL (ns) |             | Max (bins) | Total (bins) | Real (s) | Memory (MB) | Tran | Cap |
|-------------------------+-----------+----------+-----------+----------+-------------+------------+--------------+----------+-------------+------+-----|
| initial_summary         |           |    7.756 |           |        0 |       70.33 |            |              | 0:00:00  |        3096 |    0 |   0 |
| route_type_refinement   |           |          |           |          |             |            |              | 0:00:00  |        3094 |      |     |
| simplify_netlist        |           |          |           |          |             |            |              | 0:00:02  |        3095 |      |     |
| excluded_clk_net_fixing |           |          |           |          |             |            |              | 0:00:00  |        3095 |      |     |
| global_opt              |           |    7.756 |           |        0 |       70.33 |            |              | 0:00:03  |        3099 |      |     |
| area_reclaiming         |     0.000 |    7.756 |         0 |        0 |       70.33 |            |              | 0:00:02  |        3100 |      |     |
| area_reclaiming_2       |     0.000 |    7.756 |         0 |        0 |       70.33 |            |              | 0:00:02  |        3101 |      |     |
| local_wire_reclaim      |           |          |           |          |             |            |              | 0:00:00  |        3100 |      |     |
| global_route            |           |          |           |          |             |       0.00 |         0.00 | 0:00:04  |        3071 |      |     |
| route_type_refinement_2 |           |          |           |          |             |            |              | 0:00:00  |        3071 |      |     |
| drv_eco_fixing          |     0.000 |    7.756 |         0 |        0 |       70.33 |            |              | 0:00:01  |        3102 |   17 |   0 |
| legalization            |           |          |           |          |             |            |              | 0:00:01  |        3102 |      |     |
| final_summary           |           |    7.756 |           |        0 |       70.33 |            |              | 0:00:03  |        3101 |    0 |   0 |
 ------------------------------------------------------------------------------------------------------------------------------------------------------- 
