============================================================
  Generated by:           Genus(TM) Synthesis Solution 21.19-s055_1
  Generated on:           Apr 16 2026  07:11:21 am
  Module:                 somador
  Operating conditions:   PVT_0P9V_125C 
  Operating conditions:   PVT_1P32V_0C 
  Interconnect mode:      global
  Area mode:              physical library
============================================================


Path 1: VIOLATED (-310 ps) Setup Check with Pin sum_temp_reg[7]/CK->D
          Group: clk
     Startpoint: (F) a_i[0]
          Clock: (R) clk
       Endpoint: (R) sum_temp_reg[7]/D
          Clock: (R) clk

                     Capture       Launch     
        Clock Edge:+    1000            0     
        Drv Adjust:+       0            0     
       Src Latency:+       0            0     
       Net Latency:+     100 (I)      100 (I) 
           Arrival:=    1100          100     
                                              
             Setup:-     150                  
       Uncertainty:-      50                  
     Required Time:=     900                  
      Launch Clock:-     100                  
       Input Delay:-     300                  
         Data Path:-     810                  
             Slack:=    -310                  

Exceptions/Constraints:
  input_delay             300             somador.sdc_line_30_9_1 

#------------------------------------------------------------------------------------------
#   Timing Point    Flags   Arc   Edge   Cell     Fanout Load Trans Delay Arrival Instance 
#                                                        (fF)  (ps)  (ps)   (ps)  Location 
#------------------------------------------------------------------------------------------
  a_i[0]            <<<     -     F     (arrival)      3 17.3   252     0     400    (-,-) 
  g8571__8246/Y     -       A->Y  R     NOR2X8         1  6.1    90   160     560    (-,-) 
  g8552__5107/Y     -       B->Y  F     NOR2X8         1  5.8    48    65     625    (-,-) 
  g8545__2883/Y     -       B->Y  R     NOR2X8         2  8.4    74    67     692    (-,-) 
  g8535/Y           -       A->Y  F     CLKINVX6       2  7.5    54    63     755    (-,-) 
  g8533__1881/Y     -       A->Y  R     NAND2X8        1  6.1    40    48     803    (-,-) 
  g8531__5122/Y     -       B->Y  F     NAND2X8        3  9.0   106    85     888    (-,-) 
  g8526__3680/Y     -       A1->Y R     AOI21X4        2  5.6   100   117    1005    (-,-) 
  g8518__6260/Y     -       B->Y  R     CLKXOR2X1      1  3.2    85   205    1210    (-,-) 
  sum_temp_reg[7]/D <<<     -     R     DFFRHQX1       1    -     -     0    1210    (-,-) 
#------------------------------------------------------------------------------------------

