============================================================
  Generated by:           Genus(TM) Synthesis Solution 21.19-s055_1
  Generated on:           Apr 16 2026  10:26:57 am
  Module:                 somador
  Operating conditions:   PVT_0P9V_125C 
  Operating conditions:   PVT_1P32V_0C 
  Interconnect mode:      global
  Area mode:              physical library
============================================================

Timing
--------

Clock  Period 
--------------
clk   10000.0 


  Cost    Critical         Violating 
 Group   Path Slack  TNS     Paths   
-------------------------------------
clk          7318.1   0.0          0 
default    No paths   0.0            
-------------------------------------
Total                 0.0          0 

Instance Count
--------------
Leaf Instance Count             17 
Physical Instance count          0 
Sequential Instance Count        9 
Combinational Instance Count     8 
Hierarchical Instance Count      0 

Area
----
Cell Area                          142.614
Physical Cell Area                 0.000
Total Cell Area (Cell+Physical)    142.614
Net Area                           31.132
Total Area (Cell+Physical+Net)     173.746

Max Fanout                         9 (clk)
Min Fanout                         0 (rst_n)
Average Fanout                     1.2
Terms to net ratio                 1.7273
Terms to instance ratio            4.4706
Runtime                            40.714947 seconds
Elapsed Runtime                    110 seconds
Genus peak memory usage            1587.88 
Innovus peak memory usage          no_value 
Hostname                           localhost
