============================================================
  Generated by:           Genus(TM) Synthesis Solution 21.19-s055_1
  Generated on:           Apr 16 2026  07:01:24 am
  Module:                 somador
  Operating conditions:   PVT_0P9V_125C 
  Operating conditions:   PVT_1P32V_0C 
  Interconnect mode:      global
  Area mode:              physical library
============================================================

                                            Library 
  Gate    Instances   Area       Library     Domain 
----------------------------------------------------
ADDFX1            8   41.040    fast_vdd1v2    best 
BUFX2            17   29.070    fast_vdd1v2    best 
DFFRHQX1          9   55.404    fast_vdd1v2    best 
----------------------------------------------------
total            34  125.514                


                                        
     Type      Instances   Area  Area % 
----------------------------------------
sequential             9  55.404   44.1 
buffer                17  29.070   23.2 
logic                  8  41.040   32.7 
physical_cells         0   0.000    0.0 
----------------------------------------
total                 34 125.514  100.0 

