============================================================
  Generated by:           Genus(TM) Synthesis Solution 21.19-s055_1
  Generated on:           Apr 16 2026  06:57:58 am
  Module:                 somador
  Operating conditions:   PVT_0P9V_125C 
  Operating conditions:   PVT_1P32V_0C 
  Interconnect mode:      global
  Area mode:              physical library
============================================================


Path 1: MET (97326 ps) Setup Check with Pin sum_temp_reg[7]/CK->D
          Group: clk
     Startpoint: (R) a_i[0]
          Clock: (R) clk
       Endpoint: (R) sum_temp_reg[7]/D
          Clock: (R) clk

                     Capture       Launch     
        Clock Edge:+  100000            0     
        Drv Adjust:+       0            0     
       Src Latency:+       0            0     
       Net Latency:+     100 (I)      100 (I) 
           Arrival:=  100100          100     
                                              
             Setup:-     162                  
       Uncertainty:-      50                  
     Required Time:=   99888                  
      Launch Clock:-     100                  
       Input Delay:-     300                  
         Data Path:-    2162                  
             Slack:=   97326                  

Exceptions/Constraints:
  input_delay             300             somador.sdc_line_30_9_1 

#-------------------------------------------------------------------------------------------
#   Timing Point    Flags    Arc   Edge   Cell     Fanout Load Trans Delay Arrival Instance 
#                                                         (fF)  (ps)  (ps)   (ps)  Location 
#-------------------------------------------------------------------------------------------
  a_i[0]            <<<     -      R     (arrival)      1  3.7   264     0     400    (-,-) 
  g526__3680/CO     -       B->CO  R     ADDFX1         1  3.5   100   347     747    (-,-) 
  g524__6783/CO     -       CI->CO R     ADDFX1         1  3.5    98   250     997    (-,-) 
  g522__5526/CO     -       CI->CO R     ADDFX1         1  3.5    98   250    1247    (-,-) 
  g520__8428/CO     -       CI->CO R     ADDFX1         1  3.5    98   250    1497    (-,-) 
  g518__4319/CO     -       CI->CO R     ADDFX1         1  3.5    98   250    1746    (-,-) 
  g516__6260/CO     -       CI->CO R     ADDFX1         1  3.5    98   250    1996    (-,-) 
  g514__5107/CO     -       CI->CO R     ADDFX1         1  3.5    98   250    2245    (-,-) 
  g512__2398/S      -       CI->S  R     ADDFX1         1  3.2    96   317    2562    (-,-) 
  sum_temp_reg[7]/D <<<     -      R     DFFRHQX8       1    -     -     0    2562    (-,-) 
#-------------------------------------------------------------------------------------------

