============================================================
  Generated by:           Genus(TM) Synthesis Solution 21.19-s055_1
  Generated on:           Apr 16 2026  07:52:37 am
  Module:                 somador
  Operating conditions:   PVT_0P9V_125C 
  Operating conditions:   PVT_1P32V_0C 
  Interconnect mode:      global
  Area mode:              physical library
============================================================

Timing
--------

Clock Period 
-------------
clk   2000.0 


  Cost    Critical         Violating 
 Group   Path Slack  TNS     Paths   
-------------------------------------
clk            33.6   0.0          0 
default    No paths   0.0            
-------------------------------------
Total                 0.0          0 

Instance Count
--------------
Leaf Instance Count             46 
Physical Instance count          0 
Sequential Instance Count        9 
Combinational Instance Count    37 
Hierarchical Instance Count      0 

Area
----
Cell Area                          198.360
Physical Cell Area                 0.000
Total Cell Area (Cell+Physical)    198.360
Net Area                           60.097
Total Area (Cell+Physical+Net)     258.457

Max Fanout                         9 (clk)
Min Fanout                         0 (rst_n)
Average Fanout                     1.6
Terms to net ratio                 2.3134
Terms to instance ratio            3.3696
Runtime                            34.455258 seconds
Elapsed Runtime                    38 seconds
Genus peak memory usage            1593.78 
Innovus peak memory usage          no_value 
Hostname                           localhost
