============================================================
  Generated by:           Genus(TM) Synthesis Solution 21.19-s055_1
  Generated on:           Apr 16 2026  07:02:54 am
  Module:                 somador
  Operating conditions:   PVT_0P9V_125C 
  Operating conditions:   PVT_1P32V_0C 
  Interconnect mode:      global
  Area mode:              physical library
============================================================

Timing
--------

Clock Period 
-------------
clk   1000.0 


  Cost    Critical         Violating 
 Group   Path Slack  TNS     Paths   
-------------------------------------
clk           222.1   0.0          0 
default    No paths   0.0            
-------------------------------------
Total                 0.0          0 

Instance Count
--------------
Leaf Instance Count             34 
Physical Instance count          0 
Sequential Instance Count        9 
Combinational Instance Count    25 
Hierarchical Instance Count      0 

Area
----
Cell Area                          125.514
Physical Cell Area                 0.000
Total Cell Area (Cell+Physical)    125.514
Net Area                           43.733
Total Area (Cell+Physical+Net)     169.247

Max Fanout                         9 (clk)
Min Fanout                         0 (rst_n)
Average Fanout                     1.1
Terms to net ratio                 1.8033
Terms to instance ratio            3.2353
Runtime                            37.679219 seconds
Elapsed Runtime                    41 seconds
Genus peak memory usage            1602.16 
Innovus peak memory usage          no_value 
Hostname                           localhost
