 ------------------------------------------------------------------------------------------------------------------------------------------------------- 
| Snapshot                | WNS                  | TNS                  | Density (%) | Hotspot                   | Resource               | DRVs       |
|                         | HEPG (ns) | ALL (ns) | HEPG (ns) | ALL (ns) |             | Max (bins) | Total (bins) | Real (s) | Memory (MB) | Tran | Cap |
|-------------------------+-----------+----------+-----------+----------+-------------+------------+--------------+----------+-------------+------+-----|
| initial_summary         |           |    7.727 |           |        0 |       69.50 |            |              | 0:00:01  |        3016 |    0 |   0 |
| route_type_refinement   |           |          |           |          |             |            |              | 0:00:01  |        3016 |      |     |
| simplify_netlist        |           |          |           |          |             |            |              | 0:00:02  |        3016 |      |     |
| drv_fixing              |           |          |           |          |             |            |              | 0:00:01  |        3015 |      |     |
| global_opt              |           |    7.727 |           |        0 |       69.50 |            |              | 0:00:03  |        3019 |      |     |
| area_reclaiming         |     0.000 |    7.727 |         0 |        0 |       69.50 |            |              | 0:00:02  |        3022 |      |     |
| incremental_replacement |           |          |           |          |             |       0.00 |         0.00 | 0:00:24  |        3026 |      |     |
| area_reclaiming_2       |     0.000 |    7.726 |         0 |        0 |       69.50 |            |              | 0:00:01  |        3023 |      |     |
| drv_eco_fixing          |     0.000 |    7.726 |         0 |        0 |       69.50 |            |              | 0:00:01  |        3024 |   17 |   0 |
| legalization            |           |          |           |          |             |            |              | 0:00:00  |        3024 |      |     |
| final_summary           |           |    7.726 |           |        0 |       69.50 |            |              | 0:00:02  |        3025 |    0 |   0 |
 ------------------------------------------------------------------------------------------------------------------------------------------------------- 
