============================================================
  Generated by:           Genus(TM) Synthesis Solution 21.19-s055_1
  Generated on:           Apr 16 2026  07:00:02 am
  Module:                 somador
  Operating conditions:   PVT_0P9V_125C 
  Operating conditions:   PVT_1P32V_0C 
  Interconnect mode:      global
  Area mode:              physical library
============================================================


Path 1: MET (9222 ps) Setup Check with Pin sum_temp_reg[7]/CK->D
          Group: clk
     Startpoint: (F) a_i[0]
          Clock: (R) clk
       Endpoint: (R) sum_temp_reg[7]/D
          Clock: (R) clk

                     Capture       Launch     
        Clock Edge:+   10000            0     
        Drv Adjust:+       0            0     
       Src Latency:+       0            0     
       Net Latency:+     100 (I)      100 (I) 
           Arrival:=   10100          100     
                                              
             Setup:-      17                  
       Uncertainty:-      50                  
     Required Time:=   10033                  
      Launch Clock:-     100                  
       Input Delay:-     300                  
         Data Path:-     411                  
             Slack:=    9222                  

Exceptions/Constraints:
  input_delay             300             somador.sdc_line_30_9_1 

#-------------------------------------------------------------------------------------------
#   Timing Point    Flags    Arc   Edge   Cell     Fanout Load Trans Delay Arrival Instance 
#                                                         (fF)  (ps)  (ps)   (ps)  Location 
#-------------------------------------------------------------------------------------------
  a_i[0]            -       -      F     (arrival)      1  3.2   252     0     400    (-,-) 
  g543/Y            -       A->Y   F     BUFX2          1  4.0    17    49     449    (-,-) 
  g526__3680/CO     -       A->CO  F     ADDFX1         1  3.7    25    44     493    (-,-) 
  g524__6783/CO     -       CI->CO F     ADDFX1         1  3.7    25    44     536    (-,-) 
  g522__5526/CO     -       CI->CO F     ADDFX1         1  3.7    25    44     580    (-,-) 
  g520__8428/CO     -       CI->CO F     ADDFX1         1  3.7    25    44     623    (-,-) 
  g518__4319/CO     -       CI->CO F     ADDFX1         1  3.7    25    44     667    (-,-) 
  g516__6260/CO     -       CI->CO F     ADDFX1         1  3.7    25    44     710    (-,-) 
  g514__5107/CO     -       CI->CO F     ADDFX1         1  3.7    25    44     754    (-,-) 
  g512__2398/S      -       CI->S  R     ADDFX1         1  3.3    23    57     811    (-,-) 
  sum_temp_reg[7]/D <<<     -      R     DFFRHQX1       1    -     -     0     811    (-,-) 
#-------------------------------------------------------------------------------------------

