============================================================
  Generated by:           Genus(TM) Synthesis Solution 21.19-s055_1
  Generated on:           Apr 16 2026  10:37:00 am
  Module:                 somador
  Operating conditions:   PVT_0P9V_125C 
  Operating conditions:   PVT_1P32V_0C 
  Interconnect mode:      global
  Area mode:              physical library
============================================================


Path 1: VIOLATED (-315 ps) Setup Check with Pin sum_temp_reg[7]/CK->D
          Group: clk
     Startpoint: (F) b_i[3]
          Clock: (R) clk
       Endpoint: (R) sum_temp_reg[7]/D
          Clock: (R) clk

                     Capture       Launch     
        Clock Edge:+    1000            0     
        Drv Adjust:+       0            0     
       Src Latency:+       0            0     
       Net Latency:+     100 (I)      100 (I) 
           Arrival:=    1100          100     
                                              
             Setup:-     150                  
       Uncertainty:-      50                  
     Required Time:=     900                  
      Launch Clock:-     100                  
       Input Delay:-     300                  
         Data Path:-     814                  
             Slack:=    -315                  

Exceptions/Constraints:
  input_delay             300             somador.sdc_line_30_14_1 

#------------------------------------------------------------------------------------------
#   Timing Point    Flags   Arc   Edge   Cell     Fanout Load Trans Delay Arrival Instance 
#                                                        (fF)  (ps)  (ps)   (ps)  Location 
#------------------------------------------------------------------------------------------
  b_i[3]            -       -     F     (arrival)      2  8.0   252     0     400    (-,-) 
  g8578__1666/Y     -       A->Y  R     NOR2X8         3 11.8   120   178     578    (-,-) 
  g8550__8428/Y     -       A->Y  F     NOR2X8         2  6.1    56    88     666    (-,-) 
  g8537__6161/Y     -       A0->Y R     AOI21X4        1  6.1    98   105     771    (-,-) 
  g8531__5122/Y     -       A->Y  F     NAND2X8        3  9.0   106   122     892    (-,-) 
  g8526__3680/Y     -       A1->Y R     AOI21X4        2  5.6   100   117    1010    (-,-) 
  g8518__6260/Y     -       B->Y  R     CLKXOR2X1      1  3.2    85   205    1214    (-,-) 
  sum_temp_reg[7]/D <<<     -     R     DFFRHQX1       1    -     -     0    1214    (-,-) 
#------------------------------------------------------------------------------------------

