============================================================
  Generated by:           Genus(TM) Synthesis Solution 21.19-s055_1
  Generated on:           Apr 23 2026  10:59:48 am
  Module:                 somador
  Operating conditions:   PVT_0P9V_125C 
  Operating conditions:   PVT_1P32V_0C 
  Interconnect mode:      global
  Area mode:              physical library
============================================================

Timing
--------

Clock Period 
-------------
clk   1000.0 


  Cost    Critical             Violating 
 Group   Path Slack    TNS       Paths   
-----------------------------------------
clk          -314.8   -2177.8          9 
default    No paths       0.0            
-----------------------------------------
Total                 -2177.8          9 

Instance Count
--------------
Leaf Instance Count             82 
Physical Instance count          0 
Sequential Instance Count        9 
Combinational Instance Count    73 
Hierarchical Instance Count      0 

Area
----
Cell Area                          318.744
Physical Cell Area                 0.000
Total Cell Area (Cell+Physical)    318.744
Net Area                           94.326
Total Area (Cell+Physical+Net)     413.070

Max Fanout                         9 (clk)
Min Fanout                         0 (rst_n)
Average Fanout                     1.6
Terms to net ratio                 2.4554
Terms to instance ratio            3.0244
Runtime                            39.964805 seconds
Elapsed Runtime                    44 seconds
Genus peak memory usage            1595.71 
Innovus peak memory usage          no_value 
Hostname                           localhost
