###############################################################
#  Generated by:      Cadence Innovus 25.13-s088_1
#  OS:                Linux x86_64(Host ID ecomp)
#  Generated on:      Mon May  4 12:49:22 2026
#  Design:            somador
#  Command:           report_timing > ${OUT_RPT}/${design}_hold_timing.rpt
###############################################################
Path 1: MET (0.207 ns) Removal Check with Pin sum_temp_reg[8]/CK->RN
               View: analysis_normal_fast_min
              Group: async_default
         Startpoint: (R) rst_n
              Clock: (R) clk
           Endpoint: (R) sum_temp_reg[8]/RN
              Clock: (R) clk

                       Capture       Launch
         Clock Edge:+    0.000        0.000
        Src Latency:+    0.000        0.000
        Net Latency:+    0.023 (P)    0.000 (I)
            Arrival:=    0.023        0.000

            Removal:+    0.020
        Uncertainty:+    0.050
      Required Time:=    0.093
       Launch Clock:=    0.000
        Input Delay:+    0.300
          Data Path:+    0.000
              Slack:=    0.207

#----------------------------------------------------------------------------------
# Timing Point        Flags  Arc    Edge  Cell       Fanout  Trans   Delay  Arrival  
#                                                             (ns)    (ns)     (ns)  
#----------------------------------------------------------------------------------
  rst_n               -      rst_n  R     (arrival)       9  0.000   0.000    0.300  
  sum_temp_reg[8]/RN  -      RN     R     DFFRHQX8        9  0.004   0.000    0.300  
#----------------------------------------------------------------------------------

