###############################################################
#  Generated by:      Cadence Innovus 25.13-s088_1
#  OS:                Linux x86_64(Host ID ecomp)
#  Generated on:      Mon May  4 12:49:21 2026
#  Design:            somador
#  Command:           report_timing > ${OUT_RPT}/${design}_setup_timing.rpt
###############################################################
Path 1: MET (7.856 ns) Setup Check with Pin sum_temp_reg[7]/CK->D
               View: analysis_normal_slow_max
              Group: clk
         Startpoint: (R) carry_i
              Clock: (R) clk
           Endpoint: (R) sum_temp_reg[7]/D
              Clock: (R) clk

                       Capture       Launch
         Clock Edge:+   10.000        0.000
        Src Latency:+    0.000        0.000
        Net Latency:+    0.095 (P)    0.000 (I)
            Arrival:=   10.095        0.000

              Setup:-    0.121
        Uncertainty:-    0.050
      Required Time:=    9.924
       Launch Clock:=    0.000
        Input Delay:+    0.300
          Data Path:+    1.769
              Slack:=    7.856

#-----------------------------------------------------------------------------------
# Timing Point       Flags  Arc      Edge  Cell       Fanout  Trans   Delay  Arrival  
#                                                              (ns)    (ns)     (ns)  
#-----------------------------------------------------------------------------------
  carry_i            -      carry_i  R     (arrival)       1  0.264   0.000    0.300  
  g606__3680/CO      -      A->CO    R     ADDFX1          1  0.264   0.328    0.628  
  g604__6783/CO      -      CI->CO   R     ADDFX1          1  0.051   0.194    0.822  
  g602__5526/CO      -      CI->CO   R     ADDFX1          1  0.042   0.191    1.013  
  g600__8428/CO      -      CI->CO   R     ADDFX1          1  0.044   0.194    1.207  
  g598__4319/CO      -      CI->CO   R     ADDFX1          1  0.049   0.194    1.402  
  g596__6260/CO      -      CI->CO   R     ADDFX1          1  0.045   0.194    1.596  
  g594__5107/CO      -      CI->CO   R     ADDFX1          1  0.048   0.201    1.797  
  g592__2398/S       -      CI->S    R     ADDFX1          1  0.058   0.271    2.069  
  sum_temp_reg[7]/D  -      D        R     DFFRHQX8        1  0.048   0.000    2.069  
#-----------------------------------------------------------------------------------

