###############################################################
#  Generated by:      Cadence Innovus 25.13-s088_1
#  OS:                Linux x86_64(Host ID ecomp)
#  Generated on:      Mon May  4 12:49:32 2026
#  Design:            somador
#  Command:           report_gates -out_file /home/ufsm00291/ufsm00291-lima202020189/projetos/somador/backend/layout/reports/somador_worst_100_500/somador_gates_layout.rpt
###############################################################
Library cell information:
 --------------------------------------
| Cell     |  Instance  |  Area(um^2)  |
|--------------------------------------|
| ADDFX1   |          8 |       41.040 | 
| CLKBUFX2 |          1 |        1.710 | 
| DFFRHQX8 |          9 |      101.574 | 
| FILL1    |          8 |        2.736 | 
| FILL16   |          5 |       27.360 | 
| FILL2    |         17 |       11.628 | 
| FILL4    |          8 |       10.944 | 
| FILL8    |          3 |        8.208 | 
|--------------------------------------|
| Total    |         59 |      205.200 |
 --------------------------------------
Library cell type information:
 -------------------------------------------------------
| Cell Type        |   Instance   |        Area         |
|                  |              |       um^2  |   %   |
|-------------------------------------------------------|
| Buffer           |            1 |       1.710 |   0.8 | 
| Inverter         |            0 |       0.000 |   0.0 | 
| Combinational    |            8 |      41.040 |  20.0 | 
| Flop             |            9 |     101.574 |  49.5 | 
| Multi-Bit Flop   |            0 |       0.000 |   0.0 | 
| Latch            |            0 |       0.000 |   0.0 | 
| Clock Gater      |            0 |       0.000 |   0.0 | 
| Macro            |            0 |       0.000 |   0.0 | 
| Physical Cell    |           41 |      60.876 |  29.7 | 
|-------------------------------------------------------|
| Total            |           59 |     205.200 | 100.0 | 
 -------------------------------------------------------
