============================================================
  Generated by:           Genus(TM) Synthesis Solution 21.19-s055_1
  Generated on:           Apr 23 2026  10:57:59 am
  Module:                 somador
  Operating conditions:   PVT_0P9V_125C 
  Operating conditions:   PVT_1P32V_0C 
  Interconnect mode:      global
  Area mode:              physical library
============================================================

                                             Library 
   Gate    Instances   Area       Library     Domain 
-----------------------------------------------------
ADDFHX2            1    8.208    slow_vdd1v0   worst 
ADDHX1             1    3.762    slow_vdd1v0   worst 
AND2X1             1    1.368    slow_vdd1v0   worst 
AND2X4             1    2.736    slow_vdd1v0   worst 
AOI21X4            2   10.260    slow_vdd1v0   worst 
CLKXOR2X1          1    2.736    slow_vdd1v0   worst 
DFFRHQX8           9  101.574    slow_vdd1v0   worst 
INVX2              1    1.026    slow_vdd1v0   worst 
NAND2BX1           1    1.368    slow_vdd1v0   worst 
NAND2X1            1    1.026    slow_vdd1v0   worst 
NAND2X2            4    6.840    slow_vdd1v0   worst 
NOR2BX1            3    4.104    slow_vdd1v0   worst 
NOR2X2             3    5.130    slow_vdd1v0   worst 
NOR2X4             1    3.078    slow_vdd1v0   worst 
NOR2X6             2    8.208    slow_vdd1v0   worst 
OAI21X4            3   14.364    slow_vdd1v0   worst 
OAI2BB1X1          1    1.710    slow_vdd1v0   worst 
OR2X1              3    4.104    slow_vdd1v0   worst 
XNOR2X1            7   16.758    slow_vdd1v0   worst 
-----------------------------------------------------
total             46  198.360                


                                        
     Type      Instances   Area  Area % 
----------------------------------------
sequential             9 101.574   51.2 
inverter               1   1.026    0.5 
logic                 36  95.760   48.3 
physical_cells         0   0.000    0.0 
----------------------------------------
total                 46 198.360  100.0 

