###############################################################
#  Generated by:      Cadence Innovus 25.13-s088_1
#  OS:                Linux x86_64(Host ID ecomp)
#  Generated on:      Mon May  4 12:49:23 2026
#  Design:            somador
###############################################################

Iteration name: default
Fill shape type: FILLWIRE
Layer M1 - Fill width    : 0.400um - 2.000um
Layer M1 - Fill length   : 1.000um - 10.000um
Layer M1 - Active spacing: 0.600um
Layer M1 - Gap spacing   : 0.400um
Layer M1 - Window size   : 20um X 19um
Layer M1 - Window step   : 20um X 19um
Layer M1 - Min Density   : 20%
Layer M1 - Pref Density  : 35%
Layer M1 - Max Density   : 65%
Layer M1 - Ext Density   : 35%
Layer M1 - Number of windows (total - met pref density = processed): 1 - 0 = 1
Layer M2 - Fill width    : 0.400um - 2.000um
Layer M2 - Fill length   : 1.000um - 10.000um
Layer M2 - Active spacing: 0.600um
Layer M2 - Gap spacing   : 0.400um
Layer M2 - Window size   : 20um X 19um
Layer M2 - Window step   : 20um X 19um
Layer M2 - Min Density   : 20%
Layer M2 - Pref Density  : 35%
Layer M2 - Max Density   : 65%
Layer M2 - Ext Density   : 35%
Layer M2 - Number of windows (total - met pref density = processed): 1 - 0 = 1
Layer M3 - Fill width    : 0.400um - 2.000um
Layer M3 - Fill length   : 1.000um - 10.000um
Layer M3 - Active spacing: 0.600um
Layer M3 - Gap spacing   : 0.400um
Layer M3 - Window size   : 20um X 19um
Layer M3 - Window step   : 20um X 19um
Layer M3 - Min Density   : 20%
Layer M3 - Pref Density  : 35%
Layer M3 - Max Density   : 65%
Layer M3 - Ext Density   : 35%
Layer M3 - Number of windows (total - met pref density = processed): 1 - 0 = 1
Layer M4 - Fill width    : 0.400um - 2.000um
Layer M4 - Fill length   : 1.000um - 10.000um
Layer M4 - Active spacing: 0.600um
Layer M4 - Gap spacing   : 0.400um
Layer M4 - Window size   : 20um X 19um
Layer M4 - Window step   : 20um X 19um
Layer M4 - Min Density   : 20%
Layer M4 - Pref Density  : 35%
Layer M4 - Max Density   : 65%
Layer M4 - Ext Density   : 35%
Layer M4 - Number of windows (total - met pref density = processed): 1 - 0 = 1
Layer M5 - Fill width    : 0.400um - 2.000um
Layer M5 - Fill length   : 1.000um - 10.000um
Layer M5 - Active spacing: 0.600um
Layer M5 - Gap spacing   : 0.400um
Layer M5 - Window size   : 20um X 19um
Layer M5 - Window step   : 20um X 19um
Layer M5 - Min Density   : 20%
Layer M5 - Pref Density  : 35%
Layer M5 - Max Density   : 65%
Layer M5 - Ext Density   : 35%
Layer M5 - Number of windows (total - met pref density = processed): 1 - 0 = 1
Layer M6 - Fill width    : 0.400um - 2.000um
Layer M6 - Fill length   : 1.000um - 10.000um
Layer M6 - Active spacing: 0.600um
Layer M6 - Gap spacing   : 0.400um
Layer M6 - Window size   : 20um X 19um
Layer M6 - Window step   : 20um X 19um
Layer M6 - Min Density   : 20%
Layer M6 - Pref Density  : 35%
Layer M6 - Max Density   : 65%
Layer M6 - Ext Density   : 35%
Layer M6 - Number of windows (total - met pref density = processed): 1 - 0 = 1
Layer M7 - Fill width    : 0.400um - 2.000um
Layer M7 - Fill length   : 1.000um - 10.000um
Layer M7 - Active spacing: 0.600um
Layer M7 - Gap spacing   : 0.400um
Layer M7 - Window size   : 20um X 19um
Layer M7 - Window step   : 20um X 19um
Layer M7 - Min Density   : 20%
Layer M7 - Pref Density  : 35%
Layer M7 - Max Density   : 65%
Layer M7 - Ext Density   : 35%
Layer M7 - Number of windows (total - met pref density = processed): 1 - 0 = 1
Layer M8 - Fill width    : 0.400um - 2.000um
Layer M8 - Fill length   : 1.000um - 10.000um
Layer M8 - Active spacing: 0.600um
Layer M8 - Gap spacing   : 0.400um
Layer M8 - Window size   : 20um X 19um
Layer M8 - Window step   : 20um X 19um
Layer M8 - Min Density   : 20%
Layer M8 - Pref Density  : 35%
Layer M8 - Max Density   : 65%
Layer M8 - Ext Density   : 35%
Layer M8 - Number of windows (total - met pref density = processed): 1 - 0 = 1
Layer M9 - Fill width    : 0.400um - 2.000um
Layer M9 - Fill length   : 1.000um - 10.000um
Layer M9 - Active spacing: 0.600um
Layer M9 - Gap spacing   : 0.400um
Layer M9 - Window size   : 20um X 19um
Layer M9 - Window step   : 20um X 19um
Layer M9 - Min Density   : 20%
Layer M9 - Pref Density  : 35%
Layer M9 - Max Density   : 65%
Layer M9 - Ext Density   : 35%
Layer M9 - Number of windows (total - met pref density = processed): 1 - 0 = 1
Layer M10 - Fill width    : 0.400um - 2.000um
Layer M10 - Fill length   : 1.000um - 10.000um
Layer M10 - Active spacing: 0.600um
Layer M10 - Gap spacing   : 0.400um
Layer M10 - Window size   : 20um X 19um
Layer M10 - Window step   : 20um X 19um
Layer M10 - Min Density   : 20%
Layer M10 - Pref Density  : 35%
Layer M10 - Max Density   : 65%
Layer M10 - Ext Density   : 35%
Layer M10 - Number of windows (total - met pref density = processed): 1 - 0 = 1
Layer M11 - Fill width    : 0.400um - 2.000um
Layer M11 - Fill length   : 1.000um - 10.000um
Layer M11 - Active spacing: 0.600um
Layer M11 - Gap spacing   : 0.400um
Layer M11 - Window size   : 20um X 19um
Layer M11 - Window step   : 20um X 19um
Layer M11 - Min Density   : 20%
Layer M11 - Pref Density  : 35%
Layer M11 - Max Density   : 65%
Layer M11 - Ext Density   : 35%
Layer M11 - Number of windows (total - met pref density = processed): 1 - 0 = 1

***************Before filling***************

Layer M1 - Number of windows under minimum density (20%): 1 out of total 1.
Layer M1 - Number of windows over maximum density  (65%): 0 out of total 1.

Layer M2 - Number of windows under minimum density (20%): 1 out of total 1.
Layer M2 - Number of windows over maximum density  (65%): 0 out of total 1.

Layer M3 - Number of windows under minimum density (20%): 1 out of total 1.
Layer M3 - Number of windows over maximum density  (65%): 0 out of total 1.

Layer M4 - Number of windows under minimum density (20%): 1 out of total 1.
Layer M4 - Number of windows over maximum density  (65%): 0 out of total 1.

Layer M5 - Number of windows under minimum density (20%): 1 out of total 1.
Layer M5 - Number of windows over maximum density  (65%): 0 out of total 1.

Layer M6 - Number of windows under minimum density (20%): 1 out of total 1.
Layer M6 - Number of windows over maximum density  (65%): 0 out of total 1.

Layer M7 - Number of windows under minimum density (20%): 1 out of total 1.
Layer M7 - Number of windows over maximum density  (65%): 0 out of total 1.

Layer M8 - Number of windows under minimum density (20%): 1 out of total 1.
Layer M8 - Number of windows over maximum density  (65%): 0 out of total 1.

Layer M9 - Number of windows under minimum density (20%): 1 out of total 1.
Layer M9 - Number of windows over maximum density  (65%): 0 out of total 1.

Layer M10 - Number of windows under minimum density (20%): 1 out of total 1.
Layer M10 - Number of windows over maximum density  (65%): 0 out of total 1.

Layer M11 - Number of windows under minimum density (20%): 1 out of total 1.
Layer M11 - Number of windows over maximum density  (65%): 0 out of total 1.

***************After filling***************

Layer M1 - Number of windows under minimum density (20%): 1 out of total 1.
Layer M1 - Number of windows over maximum density  (65%): 0 out of total 1.

Layer M2 - Number of windows under minimum density (20%): 1 out of total 1.
Layer M2 - Number of windows over maximum density  (65%): 0 out of total 1.

Layer M3 - Number of windows under minimum density (20%): 1 out of total 1.
Layer M3 - Number of windows over maximum density  (65%): 0 out of total 1.

Layer M4 - Number of windows under minimum density (20%): 0 out of total 1.
Layer M4 - Number of windows over maximum density  (65%): 0 out of total 1.

Layer M5 - Number of windows under minimum density (20%): 0 out of total 1.
Layer M5 - Number of windows over maximum density  (65%): 0 out of total 1.

Layer M6 - Number of windows under minimum density (20%): 0 out of total 1.
Layer M6 - Number of windows over maximum density  (65%): 0 out of total 1.

Layer M7 - Number of windows under minimum density (20%): 0 out of total 1.
Layer M7 - Number of windows over maximum density  (65%): 0 out of total 1.

Layer M8 - Number of windows under minimum density (20%): 0 out of total 1.
Layer M8 - Number of windows over maximum density  (65%): 0 out of total 1.

Layer M9 - Number of windows under minimum density (20%): 0 out of total 1.
Layer M9 - Number of windows over maximum density  (65%): 0 out of total 1.

Layer M10 - Number of windows under minimum density (20%): 0 out of total 1.
Layer M10 - Number of windows over maximum density  (65%): 0 out of total 1.

Layer M11 - Number of windows under minimum density (20%): 0 out of total 1.
Layer M11 - Number of windows over maximum density  (65%): 0 out of total 1.

